Archive member included to satisfy reference by file (symbol)

/home/kali/Tools/arm-gnu-toolchain/bin/../lib/gcc/arm-none-eabi/14.3.1/../../../../arm-none-eabi/lib/thumb/v7e-m/nofp/libc_nano.a(libc_a-memset.o)
                              obj/System.o (memset)
/home/kali/Tools/arm-gnu-toolchain/bin/../lib/gcc/arm-none-eabi/14.3.1/../../../../arm-none-eabi/lib/thumb/v7e-m/nofp/libc_nano.a(libc_a-strlen.o)
                              obj/LogOutput.o (strlen)
/home/kali/Tools/arm-gnu-toolchain/bin/../lib/gcc/arm-none-eabi/14.3.1/thumb/v7e-m/nofp/libgcc.a(_arm_muldf3.o)
                              obj/printf.o (__aeabi_dmul)
/home/kali/Tools/arm-gnu-toolchain/bin/../lib/gcc/arm-none-eabi/14.3.1/thumb/v7e-m/nofp/libgcc.a(_arm_addsubdf3.o)
                              obj/printf.o (__aeabi_dsub)
/home/kali/Tools/arm-gnu-toolchain/bin/../lib/gcc/arm-none-eabi/14.3.1/thumb/v7e-m/nofp/libgcc.a(_arm_muldivdf3.o)
                              obj/printf.o (__aeabi_ddiv)
/home/kali/Tools/arm-gnu-toolchain/bin/../lib/gcc/arm-none-eabi/14.3.1/thumb/v7e-m/nofp/libgcc.a(_arm_cmpdf2.o)
                              obj/printf.o (__aeabi_dcmpeq)
/home/kali/Tools/arm-gnu-toolchain/bin/../lib/gcc/arm-none-eabi/14.3.1/thumb/v7e-m/nofp/libgcc.a(_arm_fixdfsi.o)
                              obj/printf.o (__aeabi_d2iz)
/home/kali/Tools/arm-gnu-toolchain/bin/../lib/gcc/arm-none-eabi/14.3.1/thumb/v7e-m/nofp/libgcc.a(_arm_fixunsdfsi.o)
                              obj/printf.o (__aeabi_d2uiz)
/home/kali/Tools/arm-gnu-toolchain/bin/../lib/gcc/arm-none-eabi/14.3.1/thumb/v7e-m/nofp/libgcc.a(_aeabi_uldivmod.o)
                              obj/printf.o (__aeabi_uldivmod)
/home/kali/Tools/arm-gnu-toolchain/bin/../lib/gcc/arm-none-eabi/14.3.1/thumb/v7e-m/nofp/libgcc.a(_udivmoddi4.o)
                              /home/kali/Tools/arm-gnu-toolchain/bin/../lib/gcc/arm-none-eabi/14.3.1/thumb/v7e-m/nofp/libgcc.a(_aeabi_uldivmod.o) (__udivmoddi4)
/home/kali/Tools/arm-gnu-toolchain/bin/../lib/gcc/arm-none-eabi/14.3.1/thumb/v7e-m/nofp/libgcc.a(_dvmd_tls.o)
                              /home/kali/Tools/arm-gnu-toolchain/bin/../lib/gcc/arm-none-eabi/14.3.1/thumb/v7e-m/nofp/libgcc.a(_aeabi_uldivmod.o) (__aeabi_ldiv0)
obj/libstm32.a(stm32g4xx_hal_adc.o)
                              obj/ADCModule.o (HAL_ADC_Init)
obj/libstm32.a(stm32g4xx_hal_adc_ex.o)
                              obj/ADCModule.o (HAL_ADCEx_Calibration_Start)
obj/libstm32.a(stm32g4xx_hal.o)
                              obj/main_app.o (HAL_Init)
obj/libstm32.a(stm32g4xx_hal_cortex.o)
                              obj/libstm32.a(stm32g4xx_hal.o) (HAL_NVIC_SetPriorityGrouping)
obj/libstm32.a(stm32g4xx_hal_dma.o)
                              obj/ADCModule.o (HAL_DMA_Init)
obj/libstm32.a(stm32g4xx_hal_gpio.o)
                              obj/ADCModule.o (HAL_GPIO_Init)
obj/libstm32.a(stm32g4xx_hal_pwr_ex.o)
                              obj/System.o (HAL_PWREx_ControlVoltageScaling)
obj/libstm32.a(stm32g4xx_hal_rcc.o)
                              obj/System.o (HAL_RCC_OscConfig)
obj/libstm32.a(stm32g4xx_hal_rcc_ex.o)
                              obj/ADCModule.o (HAL_RCCEx_PeriphCLKConfig)
obj/libstm32.a(stm32g4xx_hal_tim.o)
                              obj/TimerModule.o (HAL_TIM_Base_Init)
obj/libstm32.a(stm32g4xx_hal_tim_ex.o)
                              obj/libstm32.a(stm32g4xx_hal_tim.o) (TIMEx_DMACommutationCplt)
obj/libstm32.a(stm32g4xx_hal_uart.o)
                              obj/UARTModule.o (HAL_UART_Init)
obj/libstm32.a(stm32g4xx_hal_uart_ex.o)
                              obj/libstm32.a(stm32g4xx_hal_uart.o) (HAL_UARTEx_WakeupCallback)
obj/libstm32.a(stm32g4xx_hal_pwr.o)
                              obj/libstm32.a(stm32g4xx_hal_rcc_ex.o) (HAL_PWR_EnableBkUpAccess)

Discarded input sections

 .text          0x00000000        0x0 obj/vectors_app.o
 .data          0x00000000        0x0 obj/vectors_app.o
 .bss           0x00000000        0x0 obj/vectors_app.o
 .text          0x00000000        0x0 obj/startup_app.o
 .data          0x00000000        0x0 obj/startup_app.o
 .bss           0x00000000        0x0 obj/startup_app.o
 .text          0x00000000        0x0 obj/main_app.o
 .data          0x00000000        0x0 obj/main_app.o
 .bss           0x00000000        0x0 obj/main_app.o
 .text          0x00000000        0x0 obj/System.o
 .data          0x00000000        0x0 obj/System.o
 .bss           0x00000000        0x0 obj/System.o
 .text.SystemCoreClockUpdate
                0x00000000       0xd4 obj/System.o
 .text          0x00000000        0x0 obj/Application.o
 .data          0x00000000        0x0 obj/Application.o
 .bss           0x00000000        0x0 obj/Application.o
 .data.gStateList
                0x00000000       0x3c obj/Application.o
 .data.gStateTableEntries
                0x00000000       0x48 obj/Application.o
 .bss.gStateTable
                0x00000000       0x20 obj/Application.o
 .text.sampleAppInitialize
[...]
Memory Configuration

Name             Origin             Length             Attributes
RAM              0x20000000         0x00020000         rw
FLASH            0x08000000         0x00080000         xr
*default*        0x00000000         0xffffffff

Linker script and memory map

LOAD obj/libstm32.a
LOAD obj/vectors_app.o
LOAD obj/startup_app.o
LOAD obj/main_app.o
LOAD obj/System.o
LOAD obj/Application.o
LOAD obj/AppTasks.o
LOAD obj/ADCModule.o
LOAD obj/ButtonModule.o
LOAD obj/DisplayModule.o
LOAD obj/HAL.o
LOAD obj/LEDModule.o
LOAD obj/TimerModule.o
LOAD obj/UARTModule.o
LOAD obj/FaultHandler.o
LOAD obj/Scheduler.o
LOAD obj/SystemHandler.o
LOAD obj/GlobalObjects.o
LOAD obj/LogOutput.o
LOAD obj/printf.o
LOAD obj/Filter.o
LOAD obj/StateTable.o
START GROUP
LOAD /home/kali/Tools/arm-gnu-toolchain/bin/../lib/gcc/arm-none-eabi/14.3.1/../../../../arm-none-eabi/lib/thumb/v7e-m/nofp/libc_nano.a
LOAD /home/kali/Tools/arm-gnu-toolchain/bin/../lib/gcc/arm-none-eabi/14.3.1/thumb/v7e-m/nofp/libgcc.a
LOAD /home/kali/Tools/arm-gnu-toolchain/bin/../lib/gcc/arm-none-eabi/14.3.1/../../../../arm-none-eabi/lib/thumb/v7e-m/nofp/libm.a
LOAD /home/kali/Tools/arm-gnu-toolchain/bin/../lib/gcc/arm-none-eabi/14.3.1/../../../../arm-none-eabi/lib/thumb/v7e-m/nofp/libnosys.a
LOAD obj/libstm32.a
END GROUP
                0x00000200                        _size_of_stack = 0x200
                0x00000000                        _size_of_heap = 0x0
                0x2001fffc                        _end_of_ram = ((ORIGIN (RAM) + LENGTH (RAM)) - 0x4)
                0x2001fffc                        _initial_stack_pointer = _end_of_ram

.isr_vector     0x08000000      0x1d8
                0x08000000                        . = ALIGN (0x4)
 *(.isr_vector)
 .isr_vector    0x08000000      0x1d8 obj/vectors_app.o
                0x08000000                g_pfnVectors
                0x080001d8                        . = ALIGN (0x4)

.text           0x080001d8     0x868c
                0x080001d8                        . = ALIGN (0x4)
                0x080001d8                        _stext = .
 *(.text)
 .text          0x080001d8      0x378 /home/kali/Tools/arm-gnu-toolchain/bin/../lib/gcc/arm-none-eabi/14.3.1/thumb/v7e-m/nofp/libgcc.a(_arm_addsubdf3.o)
                0x080001d8                __aeabi_drsub
                0x080001e0                __aeabi_dsub
                0x080001e0                __subdf3
                0x080001e4                __adddf3
                0x080001e4                __aeabi_dadd
                0x0800045c                __aeabi_ui2d
                0x0800045c                __floatunsidf
                0x0800047c                __floatsidf
                0x0800047c                __aeabi_i2d
                0x080004a0                __extendsfdf2
                0x080004a0                __aeabi_f2d
                0x080004e4                __aeabi_ul2d
                0x080004e4                __floatundidf
                0x080004f4                __floatdidf
                0x080004f4                __aeabi_l2d
 .text          0x08000550      0x424 /home/kali/Tools/arm-gnu-toolchain/bin/../lib/gcc/arm-none-eabi/14.3.1/thumb/v7e-m/nofp/libgcc.a(_arm_muldivdf3.o)
                0x08000550                __aeabi_dmul
                0x08000550                __muldf3
                0x080007a4                __aeabi_ddiv
                0x080007a4                __divdf3
 .text          0x08000974      0x110 /home/kali/Tools/arm-gnu-toolchain/bin/../lib/gcc/arm-none-eabi/14.3.1/thumb/v7e-m/nofp/libgcc.a(_arm_cmpdf2.o)
                0x08000974                __gtdf2
                0x08000974                __gedf2
                0x0800097c                __ltdf2
                0x0800097c                __ledf2
                0x08000984                __cmpdf2
                0x08000984                __eqdf2
                0x08000984                __nedf2
                0x08000a00                __aeabi_cdrcmple
                0x08000a10                __aeabi_cdcmple
                0x08000a10                __aeabi_cdcmpeq
                0x08000a20                __aeabi_dcmpeq
                0x08000a34                __aeabi_dcmplt
                0x08000a48                __aeabi_dcmple
                0x08000a5c                __aeabi_dcmpge
                0x08000a70                __aeabi_dcmpgt
 .text          0x08000a84       0x50 /home/kali/Tools/arm-gnu-toolchain/bin/../lib/gcc/arm-none-eabi/14.3.1/thumb/v7e-m/nofp/libgcc.a(_arm_fixdfsi.o)
                0x08000a84                __fixdfsi
                0x08000a84                __aeabi_d2iz
 .text          0x08000ad4       0x40 /home/kali/Tools/arm-gnu-toolchain/bin/../lib/gcc/arm-none-eabi/14.3.1/thumb/v7e-m/nofp/libgcc.a(_arm_fixunsdfsi.o)
                0x08000ad4                __fixunsdfsi
                0x08000ad4                __aeabi_d2uiz
 .text          0x08000b14       0x30 /home/kali/Tools/arm-gnu-toolchain/bin/../lib/gcc/arm-none-eabi/14.3.1/thumb/v7e-m/nofp/libgcc.a(_aeabi_uldivmod.o)
                0x08000b14                __aeabi_uldivmod
 .text          0x08000b44        0x4 /home/kali/Tools/arm-gnu-toolchain/bin/../lib/gcc/arm-none-eabi/14.3.1/thumb/v7e-m/nofp/libgcc.a(_dvmd_tls.o)
                0x08000b44                __aeabi_ldiv0
                0x08000b44                __aeabi_idiv0
 *(.text*)
 .text.Default_Handler
                0x08000b48        0x2 obj/vectors_app.o
                0x08000b48                RTC_Alarm_IRQHandler
                0x08000b48                EXTI2_IRQHandler
                0x08000b48                TIM8_TRG_COM_IRQHandler
                0x08000b48                TIM8_CC_IRQHandler
                0x08000b48                HRTIM1_Master_IRQHandler
                0x08000b48                SPI4_IRQHandler
                0x08000b48                FDCAN3_IT0_IRQHandler
                0x08000b48                TIM1_CC_IRQHandler
                0x08000b48                HRTIM1_FLT_IRQHandler
                0x08000b48                HRTIM1_TIMF_IRQHandler
                0x08000b48                USB_HP_IRQHandler
                0x08000b48                CORDIC_IRQHandler
                0x08000b48                HRTIM1_TIMD_IRQHandler
                0x08000b48                DMA2_Channel8_IRQHandler
                0x08000b48                EXTI3_IRQHandler
                0x08000b48                I2C3_ER_IRQHandler
                0x08000b48                EXTI0_IRQHandler
                0x08000b48                I2C2_EV_IRQHandler
                0x08000b48                FPU_IRQHandler
                0x08000b48                FDCAN1_IT1_IRQHandler
                0x08000b48                TIM1_UP_TIM16_IRQHandler
                0x08000b48                HRTIM1_TIME_IRQHandler
                0x08000b48                SPI1_IRQHandler
                0x08000b48                TIM6_DAC_IRQHandler
                0x08000b48                HRTIM1_TIMC_IRQHandler
                0x08000b48                TIM8_UP_IRQHandler
                0x08000b48                DMA2_Channel2_IRQHandler
                0x08000b48                DMA1_Channel4_IRQHandler
                0x08000b48                TIM20_TRG_COM_IRQHandler
                0x08000b48                USART3_IRQHandler
                0x08000b48                DMA1_Channel7_IRQHandler
                0x08000b48                UART5_IRQHandler
                0x08000b48                ADC3_IRQHandler
                0x08000b48                TIM4_IRQHandler
                0x08000b48                DMA2_Channel1_IRQHandler
                0x08000b48                QUADSPI_IRQHandler
                0x08000b48                I2C1_EV_IRQHandler
                0x08000b48                DMA1_Channel6_IRQHandler
                0x08000b48                UART4_IRQHandler
                0x08000b48                DMA2_Channel4_IRQHandler
                0x08000b48                RCC_IRQHandler
                0x08000b48                TIM20_UP_IRQHandler
                0x08000b48                Default_Handler
                0x08000b48                DMA2_Channel7_IRQHandler
                0x08000b48                RTC_TAMP_LSECSS_IRQHandler
                0x08000b48                FMAC_IRQHandler
                0x08000b48                EXTI15_10_IRQHandler
                0x08000b48                DMA1_Channel8_IRQHandler
                0x08000b48                HRTIM1_TIMA_IRQHandler
                0x08000b48                TIM7_DAC_IRQHandler
                0x08000b48                FDCAN3_IT1_IRQHandler
                0x08000b48                TIM5_IRQHandler
                0x08000b48                UCPD1_IRQHandler
                0x08000b48                I2C3_EV_IRQHandler
                0x08000b48                EXTI9_5_IRQHandler
                0x08000b48                RTC_WKUP_IRQHandler
                0x08000b48                PVD_PVM_IRQHandler
                0x08000b48                SPI2_IRQHandler
                0x08000b48                ADC5_IRQHandler
                0x08000b48                DMA2_Channel5_IRQHandler
                0x08000b48                CRS_IRQHandler
                0x08000b48                DMA1_Channel5_IRQHandler
                0x08000b48                USB_LP_IRQHandler
                0x08000b48                EXTI4_IRQHandler
                0x08000b48                RNG_IRQHandler
                0x08000b48                HRTIM1_TIMB_IRQHandler
                0x08000b48                TIM1_TRG_COM_TIM17_IRQHandler
                0x08000b48                FDCAN2_IT1_IRQHandler
                0x08000b48                DMA1_Channel3_IRQHandler
                0x08000b48                ADC4_IRQHandler
                0x08000b48                WWDG_IRQHandler
                0x08000b48                I2C4_EV_IRQHandler
                0x08000b48                FDCAN2_IT0_IRQHandler
                0x08000b48                LPUART1_IRQHandler
                0x08000b48                DMA2_Channel6_IRQHandler
                0x08000b48                FDCAN1_IT0_IRQHandler
                0x08000b48                TIM2_IRQHandler
                0x08000b48                COMP7_IRQHandler
                0x08000b48                COMP1_2_3_IRQHandler
                0x08000b48                EXTI1_IRQHandler
                0x08000b48                USART2_IRQHandler
                0x08000b48                COMP4_5_6_IRQHandler
                0x08000b48                TIM20_BRK_IRQHandler
                0x08000b48                I2C2_ER_IRQHandler
                0x08000b48                DMA1_Channel2_IRQHandler
                0x08000b48                TIM8_BRK_IRQHandler
                0x08000b48                FLASH_IRQHandler
                0x08000b48                TIM20_CC_IRQHandler
                0x08000b48                USART1_IRQHandler
                0x08000b48                SPI3_IRQHandler
                0x08000b48                I2C1_ER_IRQHandler
                0x08000b48                FMC_IRQHandler
                0x08000b48                LPTIM1_IRQHandler
                0x08000b48                DMAMUX_OVR_IRQHandler
                0x08000b48                I2C4_ER_IRQHandler
                0x08000b48                USBWakeUp_IRQHandler
                0x08000b48                SAI1_IRQHandler
                0x08000b48                DMA2_Channel3_IRQHandler
                0x08000b48                TIM1_BRK_TIM15_IRQHandler
 *fill*         0x08000b4a        0x2 
 .text.StartApp_Handler
                0x08000b4c       0x4c obj/startup_app.o
                0x08000b4c                StartApp_Handler
 .text.main     0x08000b98      0x12c obj/main_app.o
                0x08000b98                main
 .text.initializePeripherals
                0x08000cc4       0x26 obj/main_app.o
 .text.SystemInit
                0x08000cea        0xc obj/System.o
                0x08000cea                SystemInit
 .text.SystemClock_Config
                0x08000cf6       0x98 obj/System.o
                0x08000cf6                SystemClock_Config
 .text.Error_Handler
                0x08000d8e        0xc obj/System.o
                0x08000d8e                Error_Handler
 *fill*         0x08000d9a        0x2 
 .text.adcInitialize
                0x08000d9c      0x19c obj/ADCModule.o
                0x08000d9c                adcInitialize
 .text.HAL_ADC_MspInit
                0x08000f38      0x114 obj/ADCModule.o
                0x08000f38                HAL_ADC_MspInit
 .text.adcReadChannelRaw
                0x0800104c       0x68 obj/ADCModule.o
                0x0800104c                adcReadChannelRaw
 .text.adcReadChannel
                0x080010b4       0x2a obj/ADCModule.o
                0x080010b4                adcReadChannel
 *fill*         0x080010de        0x2 
 .text.adcInitializeDMA
                0x080010e0       0x54 obj/ADCModule.o
 .text.DMA1_Channel1_IRQHandler
                0x08001134       0x14 obj/ADCModule.o
                0x08001134                DMA1_Channel1_IRQHandler
 .text.ADC1_2_IRQHandler
                0x08001148       0x14 obj/ADCModule.o
                0x08001148                ADC1_2_IRQHandler
 .text.buttonInitialize
                0x0800115c       0xdc obj/ButtonModule.o
                0x0800115c                buttonInitialize
 .text.buttonGetButtonStatus
                0x08001238       0x98 obj/ButtonModule.o
                0x08001238                buttonGetButtonStatus
 .text.displayInitialize
                0x080012d0      0x108 obj/DisplayModule.o
                0x080012d0                displayInitialize
 .text.displayShowDigit
                0x080013d8      0x1a4 obj/DisplayModule.o
                0x080013d8                displayShowDigit
 .text.HAL_MspInit
                0x0800157c       0x48 obj/HAL.o
                0x0800157c                HAL_MspInit
 .text.ledInitialize
                0x080015c4      0x138 obj/LEDModule.o
                0x080015c4                ledInitialize
 .text.ledToggleLED
                0x080016fc       0x78 obj/LEDModule.o
                0x080016fc                ledToggleLED
 .text.timerInitialize
                0x08001774       0xac obj/TimerModule.o
                0x08001774                timerInitialize
 .text.HAL_TIM_Base_MspInit
                0x08001820       0x4c obj/TimerModule.o
                0x08001820                HAL_TIM_Base_MspInit
 .text.TIM3_IRQHandler
                0x0800186c       0x14 obj/TimerModule.o
                0x0800186c                TIM3_IRQHandler
 .text.uartInitialize
                0x08001880      0x130 obj/UARTModule.o
                0x08001880                uartInitialize
 .text.uartSendData
                0x080019b0       0x3c obj/UARTModule.o
                0x080019b0                uartSendData
 .text.HardFault_Handler
                0x080019ec        0x8 obj/FaultHandler.o
                0x080019ec                HardFault_Handler
 .text.MemManage_Handler
                0x080019f4        0x8 obj/FaultHandler.o
                0x080019f4                MemManage_Handler
 .text.BusFault_Handler
                0x080019fc        0x8 obj/FaultHandler.o
                0x080019fc                BusFault_Handler
 .text.UsageFault_Handler
                0x08001a04        0x8 obj/FaultHandler.o
                0x08001a04                UsageFault_Handler
 .text.schedInitialize
                0x08001a0c       0x14 obj/Scheduler.o
                0x08001a0c                schedInitialize
 .text.NMI_Handler
                0x08001a20        0xc obj/SystemHandler.o
                0x08001a20                NMI_Handler
 .text.SVC_Handler
                0x08001a2c        0xc obj/SystemHandler.o
                0x08001a2c                SVC_Handler
 .text.PendSV_Handler
                0x08001a38        0xc obj/SystemHandler.o
                0x08001a38                PendSV_Handler
 .text.SysTick_Handler
                0x08001a44        0xc obj/SystemHandler.o
                0x08001a44                SysTick_Handler
 .text.DebugMon_Handler
                0x08001a50        0xc obj/SystemHandler.o
                0x08001a50                DebugMon_Handler
 .text.outputLogf
                0x08001a5c       0x2c obj/LogOutput.o
                0x08001a5c                outputLogf
 .text.internalFormattedOutput
                0x08001a88       0x40 obj/LogOutput.o
 .text._out_buffer
                0x08001ac8       0x2c obj/printf.o
 .text._out_null
                0x08001af4       0x1a obj/printf.o
 .text._strnlen_s
                0x08001b0e       0x38 obj/printf.o
 .text._is_digit
                0x08001b46       0x2c obj/printf.o
 .text._atoi    0x08001b72       0x48 obj/printf.o
 .text._out_rev
                0x08001bba       0xa0 obj/printf.o
 .text._ntoa_format
                0x08001c5a      0x1b8 obj/printf.o
 .text._ntoa_long
                0x08001e12       0xcc obj/printf.o
 .text._ntoa_long_long
                0x08001ede       0xda obj/printf.o
 .text._ftoa    0x08001fb8      0x4b0 obj/printf.o
 .text._etoa    0x08002468      0x520 obj/printf.o
 .text._vsnprintf
                0x08002988      0x9f8 obj/printf.o
 .text.vsnprintf_
                0x08003380       0x2c obj/printf.o
                0x08003380                vsnprintf_
 .text.memset   0x080033ac       0x10 /home/kali/Tools/arm-gnu-toolchain/bin/../lib/gcc/arm-none-eabi/14.3.1/../../../../arm-none-eabi/lib/thumb/v7e-m/nofp/libc_nano.a(libc_a-memset.o)
                0x080033ac                memset
 .text.__udivmoddi4
                0x080033bc      0x2f8 /home/kali/Tools/arm-gnu-toolchain/bin/../lib/gcc/arm-none-eabi/14.3.1/thumb/v7e-m/nofp/libgcc.a(_udivmoddi4.o)
                0x080033bc                __udivmoddi4
 .text.LL_ADC_SetCommonClock
                0x080036b4       0x24 obj/libstm32.a(stm32g4xx_hal_adc.o)
 .text.LL_ADC_SetCommonPathInternalCh
                0x080036d8       0x24 obj/libstm32.a(stm32g4xx_hal_adc.o)
 .text.LL_ADC_GetCommonPathInternalCh
                0x080036fc       0x1a obj/libstm32.a(stm32g4xx_hal_adc.o)
 *fill*         0x08003716        0x2 
 .text.LL_ADC_SetOffset
                0x08003718       0x48 obj/libstm32.a(stm32g4xx_hal_adc.o)
 .text.LL_ADC_GetOffsetChannel
                0x08003760       0x2a obj/libstm32.a(stm32g4xx_hal_adc.o)
 .text.LL_ADC_SetOffsetState
                0x0800378a       0x34 obj/libstm32.a(stm32g4xx_hal_adc.o)
 .text.LL_ADC_SetOffsetSign
                0x080037be       0x34 obj/libstm32.a(stm32g4xx_hal_adc.o)
 .text.LL_ADC_SetOffsetSaturation
                0x080037f2       0x34 obj/libstm32.a(stm32g4xx_hal_adc.o)
 .text.LL_ADC_SetSamplingTimeCommonConfig
                0x08003826       0x24 obj/libstm32.a(stm32g4xx_hal_adc.o)
 .text.LL_ADC_REG_IsTriggerSourceSWStart
                0x0800384a       0x24 obj/libstm32.a(stm32g4xx_hal_adc.o)
 .text.LL_ADC_REG_SetSequencerRanks
                0x0800386e       0x56 obj/libstm32.a(stm32g4xx_hal_adc.o)
 .text.LL_ADC_INJ_IsTriggerSourceSWStart
                0x080038c4       0x24 obj/libstm32.a(stm32g4xx_hal_adc.o)
 .text.LL_ADC_SetChannelSamplingTime
                0x080038e8       0x54 obj/libstm32.a(stm32g4xx_hal_adc.o)
 .text.LL_ADC_SetChannelSingleDiff
                0x0800393c       0x44 obj/libstm32.a(stm32g4xx_hal_adc.o)
 .text.LL_ADC_GetMultimode
                0x08003980       0x1a obj/libstm32.a(stm32g4xx_hal_adc.o)
 .text.LL_ADC_GetMultiDMATransfer
                0x0800399a       0x1a obj/libstm32.a(stm32g4xx_hal_adc.o)
 .text.LL_ADC_DisableDeepPowerDown
                0x080039b4       0x22 obj/libstm32.a(stm32g4xx_hal_adc.o)
 .text.LL_ADC_IsDeepPowerDownEnabled
                0x080039d6       0x26 obj/libstm32.a(stm32g4xx_hal_adc.o)
 .text.LL_ADC_EnableInternalRegulator
                0x080039fc       0x26 obj/libstm32.a(stm32g4xx_hal_adc.o)
 .text.LL_ADC_IsInternalRegulatorEnabled
                0x08003a22       0x26 obj/libstm32.a(stm32g4xx_hal_adc.o)
 .text.LL_ADC_Enable
                0x08003a48       0x26 obj/libstm32.a(stm32g4xx_hal_adc.o)
 .text.LL_ADC_Disable
                0x08003a6e       0x26 obj/libstm32.a(stm32g4xx_hal_adc.o)
 .text.LL_ADC_IsEnabled
                0x08003a94       0x24 obj/libstm32.a(stm32g4xx_hal_adc.o)
 .text.LL_ADC_IsDisableOngoing
                0x08003ab8       0x24 obj/libstm32.a(stm32g4xx_hal_adc.o)
 .text.LL_ADC_REG_StartConversion
                0x08003adc       0x26 obj/libstm32.a(stm32g4xx_hal_adc.o)
 .text.LL_ADC_REG_IsConversionOngoing
                0x08003b02       0x24 obj/libstm32.a(stm32g4xx_hal_adc.o)
 .text.LL_ADC_INJ_IsConversionOngoing
                0x08003b26       0x24 obj/libstm32.a(stm32g4xx_hal_adc.o)
 *fill*         0x08003b4a        0x2 
 .text.HAL_ADC_Init
                0x08003b4c      0x384 obj/libstm32.a(stm32g4xx_hal_adc.o)
                0x08003b4c                HAL_ADC_Init
 .text.HAL_ADC_Start_DMA
                0x08003ed0      0x19c obj/libstm32.a(stm32g4xx_hal_adc.o)
                0x08003ed0                HAL_ADC_Start_DMA
 .text.HAL_ADC_IRQHandler
                0x0800406c      0x4c0 obj/libstm32.a(stm32g4xx_hal_adc.o)
                0x0800406c                HAL_ADC_IRQHandler
 .text.HAL_ADC_ConvCpltCallback
                0x0800452c       0x12 obj/libstm32.a(stm32g4xx_hal_adc.o)
                0x0800452c                HAL_ADC_ConvCpltCallback
 .text.HAL_ADC_ConvHalfCpltCallback
                0x0800453e       0x12 obj/libstm32.a(stm32g4xx_hal_adc.o)
                0x0800453e                HAL_ADC_ConvHalfCpltCallback
 .text.HAL_ADC_LevelOutOfWindowCallback
                0x08004550       0x12 obj/libstm32.a(stm32g4xx_hal_adc.o)
                0x08004550                HAL_ADC_LevelOutOfWindowCallback
 .text.HAL_ADC_ErrorCallback
                0x08004562       0x12 obj/libstm32.a(stm32g4xx_hal_adc.o)
                0x08004562                HAL_ADC_ErrorCallback
 .text.HAL_ADC_ConfigChannel
                0x08004574      0x880 obj/libstm32.a(stm32g4xx_hal_adc.o)
                0x08004574                HAL_ADC_ConfigChannel
 .text.ADC_Enable
                0x08004df4       0xc4 obj/libstm32.a(stm32g4xx_hal_adc.o)
                0x08004df4                ADC_Enable
 .text.ADC_Disable
                0x08004eb8       0xbe obj/libstm32.a(stm32g4xx_hal_adc.o)
                0x08004eb8                ADC_Disable
 .text.ADC_DMAConvCplt
                0x08004f76       0xd8 obj/libstm32.a(stm32g4xx_hal_adc.o)
                0x08004f76                ADC_DMAConvCplt
 .text.ADC_DMAHalfConvCplt
                0x0800504e       0x1c obj/libstm32.a(stm32g4xx_hal_adc.o)
                0x0800504e                ADC_DMAHalfConvCplt
 .text.ADC_DMAError
                0x0800506a       0x34 obj/libstm32.a(stm32g4xx_hal_adc.o)
                0x0800506a                ADC_DMAError
 .text.LL_ADC_IsEnabled
                0x0800509e       0x24 obj/libstm32.a(stm32g4xx_hal_adc_ex.o)
 .text.LL_ADC_StartCalibration
                0x080050c2       0x30 obj/libstm32.a(stm32g4xx_hal_adc_ex.o)
 .text.LL_ADC_IsCalibrationOnGoing
                0x080050f2       0x26 obj/libstm32.a(stm32g4xx_hal_adc_ex.o)
 .text.LL_ADC_REG_IsConversionOngoing
                0x08005118       0x24 obj/libstm32.a(stm32g4xx_hal_adc_ex.o)
 .text.HAL_ADCEx_Calibration_Start
                0x0800513c       0xc4 obj/libstm32.a(stm32g4xx_hal_adc_ex.o)
                0x0800513c                HAL_ADCEx_Calibration_Start
 .text.HAL_ADCEx_InjectedConvCpltCallback
                0x08005200       0x12 obj/libstm32.a(stm32g4xx_hal_adc_ex.o)
                0x08005200                HAL_ADCEx_InjectedConvCpltCallback
 .text.HAL_ADCEx_InjectedQueueOverflowCallback
                0x08005212       0x12 obj/libstm32.a(stm32g4xx_hal_adc_ex.o)
                0x08005212                HAL_ADCEx_InjectedQueueOverflowCallback
 .text.HAL_ADCEx_LevelOutOfWindow2Callback
                0x08005224       0x12 obj/libstm32.a(stm32g4xx_hal_adc_ex.o)
                0x08005224                HAL_ADCEx_LevelOutOfWindow2Callback
 .text.HAL_ADCEx_LevelOutOfWindow3Callback
                0x08005236       0x12 obj/libstm32.a(stm32g4xx_hal_adc_ex.o)
                0x08005236                HAL_ADCEx_LevelOutOfWindow3Callback
 .text.HAL_ADCEx_EndOfSamplingCallback
                0x08005248       0x12 obj/libstm32.a(stm32g4xx_hal_adc_ex.o)
                0x08005248                HAL_ADCEx_EndOfSamplingCallback
 *fill*         0x0800525a        0x2 
 .text.HAL_ADCEx_MultiModeConfigChannel
                0x0800525c      0x210 obj/libstm32.a(stm32g4xx_hal_adc_ex.o)
                0x0800525c                HAL_ADCEx_MultiModeConfigChannel
 .text.HAL_Init
                0x0800546c       0x30 obj/libstm32.a(stm32g4xx_hal.o)
                0x0800546c                HAL_Init
 .text.HAL_InitTick
                0x0800549c       0x74 obj/libstm32.a(stm32g4xx_hal.o)
                0x0800549c                HAL_InitTick
 .text.HAL_IncTick
                0x08005510       0x24 obj/libstm32.a(stm32g4xx_hal.o)
                0x08005510                HAL_IncTick
 .text.HAL_GetTick
                0x08005534       0x14 obj/libstm32.a(stm32g4xx_hal.o)
                0x08005534                HAL_GetTick
 .text.HAL_Delay
                0x08005548       0x44 obj/libstm32.a(stm32g4xx_hal.o)
                0x08005548                HAL_Delay
 .text.__NVIC_SetPriorityGrouping
                0x0800558c       0x48 obj/libstm32.a(stm32g4xx_hal_cortex.o)
 .text.__NVIC_GetPriorityGrouping
                0x080055d4       0x1c obj/libstm32.a(stm32g4xx_hal_cortex.o)
 .text.__NVIC_EnableIRQ
                0x080055f0       0x38 obj/libstm32.a(stm32g4xx_hal_cortex.o)
 .text.__NVIC_SetPriority
                0x08005628       0x54 obj/libstm32.a(stm32g4xx_hal_cortex.o)
 .text.NVIC_EncodePriority
                0x0800567c       0x64 obj/libstm32.a(stm32g4xx_hal_cortex.o)
 .text.SysTick_Config
                0x080056e0       0x44 obj/libstm32.a(stm32g4xx_hal_cortex.o)
 .text.HAL_NVIC_SetPriorityGrouping
                0x08005724       0x16 obj/libstm32.a(stm32g4xx_hal_cortex.o)
                0x08005724                HAL_NVIC_SetPriorityGrouping
 .text.HAL_NVIC_SetPriority
                0x0800573a       0x34 obj/libstm32.a(stm32g4xx_hal_cortex.o)
                0x0800573a                HAL_NVIC_SetPriority
 .text.HAL_NVIC_EnableIRQ
                0x0800576e       0x1c obj/libstm32.a(stm32g4xx_hal_cortex.o)
                0x0800576e                HAL_NVIC_EnableIRQ
 .text.HAL_SYSTICK_Config
                0x0800578a       0x18 obj/libstm32.a(stm32g4xx_hal_cortex.o)
                0x0800578a                HAL_SYSTICK_Config
 *fill*         0x080057a2        0x2 
 .text.HAL_DMA_Init
                0x080057a4      0x150 obj/libstm32.a(stm32g4xx_hal_dma.o)
                0x080057a4                HAL_DMA_Init
 .text.HAL_DMA_Start_IT
                0x080058f4       0xf6 obj/libstm32.a(stm32g4xx_hal_dma.o)
                0x080058f4                HAL_DMA_Start_IT
 .text.HAL_DMA_IRQHandler
                0x080059ea      0x15e obj/libstm32.a(stm32g4xx_hal_dma.o)
                0x080059ea                HAL_DMA_IRQHandler
 .text.DMA_SetConfig
                0x08005b48       0x7a obj/libstm32.a(stm32g4xx_hal_dma.o)
 *fill*         0x08005bc2        0x2 
 .text.DMA_CalcDMAMUXChannelBaseAndMask
                0x08005bc4       0x78 obj/libstm32.a(stm32g4xx_hal_dma.o)
 .text.DMA_CalcDMAMUXRequestGenBaseAndMask
                0x08005c3c       0x48 obj/libstm32.a(stm32g4xx_hal_dma.o)
 .text.HAL_GPIO_Init
                0x08005c84      0x304 obj/libstm32.a(stm32g4xx_hal_gpio.o)
                0x08005c84                HAL_GPIO_Init
 .text.HAL_GPIO_ReadPin
                0x08005f88       0x2e obj/libstm32.a(stm32g4xx_hal_gpio.o)
                0x08005f88                HAL_GPIO_ReadPin
 .text.HAL_GPIO_WritePin
                0x08005fb6       0x2e obj/libstm32.a(stm32g4xx_hal_gpio.o)
                0x08005fb6                HAL_GPIO_WritePin
 .text.HAL_GPIO_TogglePin
                0x08005fe4       0x32 obj/libstm32.a(stm32g4xx_hal_gpio.o)
                0x08005fe4                HAL_GPIO_TogglePin
 *fill*         0x08006016        0x2 
 .text.HAL_PWREx_ControlVoltageScaling
                0x08006018      0x148 obj/libstm32.a(stm32g4xx_hal_pwr_ex.o)
                0x08006018                HAL_PWREx_ControlVoltageScaling
 .text.HAL_PWREx_DisableUCPDDeadBattery
                0x08006160       0x1c obj/libstm32.a(stm32g4xx_hal_pwr_ex.o)
                0x08006160                HAL_PWREx_DisableUCPDDeadBattery
 .text.HAL_RCC_OscConfig
                0x0800617c      0x630 obj/libstm32.a(stm32g4xx_hal_rcc.o)
                0x0800617c                HAL_RCC_OscConfig
 .text.HAL_RCC_ClockConfig
                0x080067ac      0x278 obj/libstm32.a(stm32g4xx_hal_rcc.o)
                0x080067ac                HAL_RCC_ClockConfig
 .text.HAL_RCC_GetSysClockFreq
                0x08006a24       0xc0 obj/libstm32.a(stm32g4xx_hal_rcc.o)
                0x08006a24                HAL_RCC_GetSysClockFreq
 .text.HAL_RCC_GetHCLKFreq
                0x08006ae4       0x14 obj/libstm32.a(stm32g4xx_hal_rcc.o)
                0x08006ae4                HAL_RCC_GetHCLKFreq
 .text.HAL_RCC_GetPCLK1Freq
                0x08006af8       0x2c obj/libstm32.a(stm32g4xx_hal_rcc.o)
                0x08006af8                HAL_RCC_GetPCLK1Freq
 .text.HAL_RCC_GetPCLK2Freq
                0x08006b24       0x2c obj/libstm32.a(stm32g4xx_hal_rcc.o)
                0x08006b24                HAL_RCC_GetPCLK2Freq
 .text.RCC_GetSysClockFreqFromPLLSource
                0x08006b50       0x8c obj/libstm32.a(stm32g4xx_hal_rcc.o)
 .text.HAL_RCCEx_PeriphCLKConfig
                0x08006bdc      0x49c obj/libstm32.a(stm32g4xx_hal_rcc_ex.o)
                0x08006bdc                HAL_RCCEx_PeriphCLKConfig
 .text.HAL_TIM_Base_Init
                0x08007078       0xae obj/libstm32.a(stm32g4xx_hal_tim.o)
                0x08007078                HAL_TIM_Base_Init
 *fill*         0x08007126        0x2 
 .text.HAL_TIM_Base_Start_IT
                0x08007128       0xec obj/libstm32.a(stm32g4xx_hal_tim.o)
                0x08007128                HAL_TIM_Base_Start_IT
 .text.HAL_TIM_IRQHandler
                0x08007214      0x2fe obj/libstm32.a(stm32g4xx_hal_tim.o)
                0x08007214                HAL_TIM_IRQHandler
 *fill*         0x08007512        0x2 
 .text.HAL_TIM_ConfigClockSource
                0x08007514      0x224 obj/libstm32.a(stm32g4xx_hal_tim.o)
                0x08007514                HAL_TIM_ConfigClockSource
 .text.HAL_TIM_PeriodElapsedCallback
                0x08007738       0x12 obj/libstm32.a(stm32g4xx_hal_tim.o)
                0x08007738                HAL_TIM_PeriodElapsedCallback
 .text.HAL_TIM_OC_DelayElapsedCallback
                0x0800774a       0x12 obj/libstm32.a(stm32g4xx_hal_tim.o)
                0x0800774a                HAL_TIM_OC_DelayElapsedCallback
 .text.HAL_TIM_IC_CaptureCallback
                0x0800775c       0x12 obj/libstm32.a(stm32g4xx_hal_tim.o)
                0x0800775c                HAL_TIM_IC_CaptureCallback
 .text.HAL_TIM_PWM_PulseFinishedCallback
                0x0800776e       0x12 obj/libstm32.a(stm32g4xx_hal_tim.o)
                0x0800776e                HAL_TIM_PWM_PulseFinishedCallback
 .text.HAL_TIM_TriggerCallback
                0x08007780       0x12 obj/libstm32.a(stm32g4xx_hal_tim.o)
                0x08007780                HAL_TIM_TriggerCallback
 *fill*         0x08007792        0x2 
 .text.TIM_Base_SetConfig
                0x08007794      0x14c obj/libstm32.a(stm32g4xx_hal_tim.o)
                0x08007794                TIM_Base_SetConfig
 .text.TIM_TI1_ConfigInputStage
                0x080078e0       0x5c obj/libstm32.a(stm32g4xx_hal_tim.o)
 .text.TIM_TI2_ConfigInputStage
                0x0800793c       0x5e obj/libstm32.a(stm32g4xx_hal_tim.o)
 .text.TIM_ITRx_SetConfig
                0x0800799a       0x38 obj/libstm32.a(stm32g4xx_hal_tim.o)
 .text.TIM_ETR_SetConfig
                0x080079d2       0x3e obj/libstm32.a(stm32g4xx_hal_tim.o)
                0x080079d2                TIM_ETR_SetConfig
 .text.HAL_TIMEx_MasterConfigSynchronization
                0x08007a10      0x128 obj/libstm32.a(stm32g4xx_hal_tim_ex.o)
                0x08007a10                HAL_TIMEx_MasterConfigSynchronization
 .text.HAL_TIMEx_CommutCallback
                0x08007b38       0x12 obj/libstm32.a(stm32g4xx_hal_tim_ex.o)
                0x08007b38                HAL_TIMEx_CommutCallback
 .text.HAL_TIMEx_BreakCallback
                0x08007b4a       0x12 obj/libstm32.a(stm32g4xx_hal_tim_ex.o)
                0x08007b4a                HAL_TIMEx_BreakCallback
 .text.HAL_TIMEx_Break2Callback
                0x08007b5c       0x12 obj/libstm32.a(stm32g4xx_hal_tim_ex.o)
                0x08007b5c                HAL_TIMEx_Break2Callback
 .text.HAL_TIMEx_EncoderIndexCallback
                0x08007b6e       0x12 obj/libstm32.a(stm32g4xx_hal_tim_ex.o)
                0x08007b6e                HAL_TIMEx_EncoderIndexCallback
 .text.HAL_TIMEx_DirectionChangeCallback
                0x08007b80       0x12 obj/libstm32.a(stm32g4xx_hal_tim_ex.o)
                0x08007b80                HAL_TIMEx_DirectionChangeCallback
 .text.HAL_TIMEx_IndexErrorCallback
                0x08007b92       0x12 obj/libstm32.a(stm32g4xx_hal_tim_ex.o)
                0x08007b92                HAL_TIMEx_IndexErrorCallback
 .text.HAL_TIMEx_TransitionErrorCallback
                0x08007ba4       0x12 obj/libstm32.a(stm32g4xx_hal_tim_ex.o)
                0x08007ba4                HAL_TIMEx_TransitionErrorCallback
 .text.HAL_UART_Init
                0x08007bb6       0xa0 obj/libstm32.a(stm32g4xx_hal_uart.o)
                0x08007bb6                HAL_UART_Init
 .text.HAL_UART_MspInit
                0x08007c56       0x12 obj/libstm32.a(stm32g4xx_hal_uart.o)
                0x08007c56                HAL_UART_MspInit
 .text.HAL_UART_Transmit
                0x08007c68      0x12c obj/libstm32.a(stm32g4xx_hal_uart.o)
                0x08007c68                HAL_UART_Transmit
 .text.UART_SetConfig
                0x08007d94      0x5f8 obj/libstm32.a(stm32g4xx_hal_uart.o)
                0x08007d94                UART_SetConfig
 .text.UART_AdvFeatureConfig
                0x0800838c      0x142 obj/libstm32.a(stm32g4xx_hal_uart.o)
                0x0800838c                UART_AdvFeatureConfig
 .text.UART_CheckIdleState
                0x080084ce       0x96 obj/libstm32.a(stm32g4xx_hal_uart.o)
                0x080084ce                UART_CheckIdleState
 .text.UART_WaitOnFlagUntilTimeout
                0x08008564      0x100 obj/libstm32.a(stm32g4xx_hal_uart.o)
                0x08008564                UART_WaitOnFlagUntilTimeout
 .text.HAL_UARTEx_DisableFifoMode
                0x08008664       0x70 obj/libstm32.a(stm32g4xx_hal_uart_ex.o)
                0x08008664                HAL_UARTEx_DisableFifoMode
 .text.HAL_UARTEx_SetTxFifoThreshold
                0x080086d4       0x7c obj/libstm32.a(stm32g4xx_hal_uart_ex.o)
                0x080086d4                HAL_UARTEx_SetTxFifoThreshold
 .text.HAL_UARTEx_SetRxFifoThreshold
                0x08008750       0x7c obj/libstm32.a(stm32g4xx_hal_uart_ex.o)
                0x08008750                HAL_UARTEx_SetRxFifoThreshold
 .text.UARTEx_SetNbDataToProcess
                0x080087cc       0x98 obj/libstm32.a(stm32g4xx_hal_uart_ex.o)
                0x08008864                        . = ALIGN (0x4)
                0x08008864                        _etext = .

.glue_7         0x08008864        0x0
 .glue_7        0x08008864        0x0 linker stubs

.glue_7t        0x08008864        0x0
 .glue_7t       0x08008864        0x0 linker stubs

.vfp11_veneer   0x08008864        0x0
 .vfp11_veneer  0x08008864        0x0 linker stubs

.v4_bx          0x08008864        0x0
 .v4_bx         0x08008864        0x0 linker stubs

.iplt           0x08008864        0x0
 .iplt          0x08008864        0x0 obj/vectors_app.o

.rodata         0x08008868      0x108
                0x08008868                        . = ALIGN (0x4)
 *(.rodata)
 .rodata        0x08008868        0xe obj/main_app.o
 *fill*         0x08008876        0x2 
 .rodata        0x08008878       0x18 obj/printf.o
 *(.rodata*)
 .rodata.AHBPrescTable
                0x08008890       0x10 obj/System.o
                0x08008890                AHBPrescTable
 .rodata.APBPrescTable
                0x080088a0        0x8 obj/System.o
                0x080088a0                APBPrescTable
 .rodata.gSegmentEncodingTable
                0x080088a8       0x50 obj/DisplayModule.o
 .rodata.pow10.0
                0x080088f8       0x50 obj/printf.o
 .rodata.UARTPrescTable
                0x08008948       0x18 obj/libstm32.a(stm32g4xx_hal_uart.o)
                0x08008948                UARTPrescTable
 .rodata.numerator.1
                0x08008960        0x8 obj/libstm32.a(stm32g4xx_hal_uart_ex.o)
 .rodata.denominator.0
                0x08008968        0x8 obj/libstm32.a(stm32g4xx_hal_uart_ex.o)
                0x08008970                        . = ALIGN (0x4)
                0x08008978                        _sloaddata = LOADADDR (.data)

.ARM.exidx.text.__udivmoddi4
                0x08008970        0x8
 .ARM.exidx.text.__udivmoddi4
                0x08008970        0x8 /home/kali/Tools/arm-gnu-toolchain/bin/../lib/gcc/arm-none-eabi/14.3.1/thumb/v7e-m/nofp/libgcc.a(_udivmoddi4.o)

.rel.dyn        0x08008978        0x0
 .rel.iplt      0x08008978        0x0 obj/vectors_app.o

.data           0x20000000        0xc load address 0x08008978
                0x20000000                        . = ALIGN (0x4)
                0x20000000                        _sdata = .
 *(.data)
 *(.data*)
 .data.SystemCoreClock
                0x20000000        0x4 obj/System.o
                0x20000000                SystemCoreClock
 .data.uwTickPrio
                0x20000004        0x4 obj/libstm32.a(stm32g4xx_hal.o)
                0x20000004                uwTickPrio
 .data.uwTickFreq
                0x20000008        0x4 obj/libstm32.a(stm32g4xx_hal.o)
                0x20000008                uwTickFreq
                0x2000000c                        . = ALIGN (0x4)
                0x2000000c                        _edata = .

.igot.plt       0x2000000c        0x0 load address 0x08008984
 .igot.plt      0x2000000c        0x0 obj/vectors_app.o
                0x2000000c                        . = ALIGN (0x4)

.bss            0x2000000c      0x26c load address 0x08008984
                0x2000000c                        _sbss = .
 *(.bss)
 *(.bss*)
 .bss.gScheduler
                0x2000000c       0x2c obj/main_app.o
 .bss.gADCHandle
                0x20000038       0x6c obj/ADCModule.o
 .bss.gDMA_ADC_Handle
                0x200000a4       0x60 obj/ADCModule.o
 .bss.gADCValues
                0x20000104       0x14 obj/ADCModule.o
 .bss.gTimer3Handle
                0x20000118       0x4c obj/TimerModule.o
 .bss.gUARTHandle
                0x20000164       0x90 obj/UARTModule.o
 .bss.gOutputBuffer
                0x200001f4       0x80 obj/LogOutput.o
 .bss.uwTick    0x20000274        0x4 obj/libstm32.a(stm32g4xx_hal.o)
                0x20000274                uwTick
 *(COMMON)
                0x20000278                        . = ALIGN (0x4)
                0x20000278                        _ebss = .

.heap           0x20000278        0x0 load address 0x08008984
                0x20000278                        . = ALIGN (0x4)
                0x20000278                        _start_of_heap = .
                0x20000278                        . = (. + _size_of_heap)
                0x20000278                        . = ALIGN (0x4)
                0x20000278                        _end_of_heap = .

/DISCARD/
 libc.a(*)
 libm.a(*)
 libgcc.a(*)
OUTPUT(build/app.elf elf32-littlearm)
LOAD linker stubs
LOAD /home/kali/Tools/arm-gnu-toolchain/bin/../lib/gcc/arm-none-eabi/14.3.1/../../../../arm-none-eabi/lib/thumb/v7e-m/nofp/libc.a
LOAD /home/kali/Tools/arm-gnu-toolchain/bin/../lib/gcc/arm-none-eabi/14.3.1/../../../../arm-none-eabi/lib/thumb/v7e-m/nofp/libm.a
LOAD /home/kali/Tools/arm-gnu-toolchain/bin/../lib/gcc/arm-none-eabi/14.3.1/thumb/v7e-m/nofp/libgcc.a

.ARM.attributes
                0x00000000       0x2f
 .ARM.attributes
                0x00000000       0x21 obj/vectors_app.o
 .ARM.attributes
                0x00000021       0x21 obj/startup_app.o
 .ARM.attributes
                0x00000042       0x2e obj/main_app.o
 .ARM.attributes
                0x00000070       0x2e obj/System.o
 .ARM.attributes
                0x0000009e       0x2e obj/ADCModule.o
 .ARM.attributes
                0x000000cc       0x2e obj/ButtonModule.o
 .ARM.attributes
                0x000000fa       0x2e obj/DisplayModule.o
 .ARM.attributes
                0x00000128       0x2e obj/HAL.o
 .ARM.attributes
                0x00000156       0x2e obj/LEDModule.o
 .ARM.attributes
                0x00000184       0x2e obj/TimerModule.o
 .ARM.attributes
                0x000001b2       0x2e obj/UARTModule.o
 .ARM.attributes
                0x000001e0       0x2e obj/FaultHandler.o
 .ARM.attributes
                0x0000020e       0x2e obj/Scheduler.o
 .ARM.attributes
                0x0000023c       0x2e obj/SystemHandler.o
 .ARM.attributes
                0x0000026a       0x2e obj/LogOutput.o
 .ARM.attributes
                0x00000298       0x2e obj/printf.o
 .ARM.attributes
                0x000002c6       0x2e /home/kali/Tools/arm-gnu-toolchain/bin/../lib/gcc/arm-none-eabi/14.3.1/../../../../arm-none-eabi/lib/thumb/v7e-m/nofp/libc_nano.a(libc_a-memset.o)
 .ARM.attributes
                0x000002f4       0x1e /home/kali/Tools/arm-gnu-toolchain/bin/../lib/gcc/arm-none-eabi/14.3.1/thumb/v7e-m/nofp/libgcc.a(_arm_addsubdf3.o)
 .ARM.attributes
                0x00000312       0x1e /home/kali/Tools/arm-gnu-toolchain/bin/../lib/gcc/arm-none-eabi/14.3.1/thumb/v7e-m/nofp/libgcc.a(_arm_muldivdf3.o)
 .ARM.attributes
                0x00000330       0x1e /home/kali/Tools/arm-gnu-toolchain/bin/../lib/gcc/arm-none-eabi/14.3.1/thumb/v7e-m/nofp/libgcc.a(_arm_cmpdf2.o)
 .ARM.attributes
                0x0000034e       0x1e /home/kali/Tools/arm-gnu-toolchain/bin/../lib/gcc/arm-none-eabi/14.3.1/thumb/v7e-m/nofp/libgcc.a(_arm_fixdfsi.o)
 .ARM.attributes
                0x0000036c       0x1e /home/kali/Tools/arm-gnu-toolchain/bin/../lib/gcc/arm-none-eabi/14.3.1/thumb/v7e-m/nofp/libgcc.a(_arm_fixunsdfsi.o)
 .ARM.attributes
                0x0000038a       0x1e /home/kali/Tools/arm-gnu-toolchain/bin/../lib/gcc/arm-none-eabi/14.3.1/thumb/v7e-m/nofp/libgcc.a(_aeabi_uldivmod.o)
 .ARM.attributes
                0x000003a8       0x2e /home/kali/Tools/arm-gnu-toolchain/bin/../lib/gcc/arm-none-eabi/14.3.1/thumb/v7e-m/nofp/libgcc.a(_udivmoddi4.o)
 .ARM.attributes
                0x000003d6       0x1e /home/kali/Tools/arm-gnu-toolchain/bin/../lib/gcc/arm-none-eabi/14.3.1/thumb/v7e-m/nofp/libgcc.a(_dvmd_tls.o)
 .ARM.attributes
                0x000003f4       0x2e obj/libstm32.a(stm32g4xx_hal_adc.o)
 .ARM.attributes
                0x00000422       0x2e obj/libstm32.a(stm32g4xx_hal_adc_ex.o)
 .ARM.attributes
                0x00000450       0x2e obj/libstm32.a(stm32g4xx_hal.o)
 .ARM.attributes
                0x0000047e       0x2e obj/libstm32.a(stm32g4xx_hal_cortex.o)
 .ARM.attributes
                0x000004ac       0x2e obj/libstm32.a(stm32g4xx_hal_dma.o)
 .ARM.attributes
                0x000004da       0x2e obj/libstm32.a(stm32g4xx_hal_gpio.o)
 .ARM.attributes
                0x00000508       0x2e obj/libstm32.a(stm32g4xx_hal_pwr_ex.o)
 .ARM.attributes
                0x00000536       0x2e obj/libstm32.a(stm32g4xx_hal_rcc.o)
 .ARM.attributes
                0x00000564       0x2e obj/libstm32.a(stm32g4xx_hal_rcc_ex.o)
 .ARM.attributes
                0x00000592       0x2e obj/libstm32.a(stm32g4xx_hal_tim.o)
 .ARM.attributes
                0x000005c0       0x2e obj/libstm32.a(stm32g4xx_hal_tim_ex.o)
 .ARM.attributes
                0x000005ee       0x2e obj/libstm32.a(stm32g4xx_hal_uart.o)
 .ARM.attributes
                0x0000061c       0x2e obj/libstm32.a(stm32g4xx_hal_uart_ex.o)

.comment        0x00000000       0x46
 .comment       0x00000000       0x46 obj/main_app.o
                                 0x47 (size before relaxing)
 .comment       0x00000046       0x47 obj/System.o
 .comment       0x00000046       0x47 obj/ADCModule.o
 .comment       0x00000046       0x47 obj/ButtonModule.o
 .comment       0x00000046       0x47 obj/DisplayModule.o
 .comment       0x00000046       0x47 obj/HAL.o
 .comment       0x00000046       0x47 obj/LEDModule.o
 .comment       0x00000046       0x47 obj/TimerModule.o
 .comment       0x00000046       0x47 obj/UARTModule.o
 .comment       0x00000046       0x47 obj/FaultHandler.o
 .comment       0x00000046       0x47 obj/Scheduler.o
 .comment       0x00000046       0x47 obj/SystemHandler.o
 .comment       0x00000046       0x47 obj/LogOutput.o
 .comment       0x00000046       0x47 obj/printf.o
 .comment       0x00000046       0x47 obj/libstm32.a(stm32g4xx_hal_adc.o)
 .comment       0x00000046       0x47 obj/libstm32.a(stm32g4xx_hal_adc_ex.o)
 .comment       0x00000046       0x47 obj/libstm32.a(stm32g4xx_hal.o)
 .comment       0x00000046       0x47 obj/libstm32.a(stm32g4xx_hal_cortex.o)
 .comment       0x00000046       0x47 obj/libstm32.a(stm32g4xx_hal_dma.o)
 .comment       0x00000046       0x47 obj/libstm32.a(stm32g4xx_hal_gpio.o)
 .comment       0x00000046       0x47 obj/libstm32.a(stm32g4xx_hal_pwr_ex.o)
 .comment       0x00000046       0x47 obj/libstm32.a(stm32g4xx_hal_rcc.o)
 .comment       0x00000046       0x47 obj/libstm32.a(stm32g4xx_hal_rcc_ex.o)
 .comment       0x00000046       0x47 obj/libstm32.a(stm32g4xx_hal_tim.o)
 .comment       0x00000046       0x47 obj/libstm32.a(stm32g4xx_hal_tim_ex.o)
 .comment       0x00000046       0x47 obj/libstm32.a(stm32g4xx_hal_uart.o)
 .comment       0x00000046       0x47 obj/libstm32.a(stm32g4xx_hal_uart_ex.o)

.debug_line     0x00000000    0x1065d
 .debug_line    0x00000000       0x3e obj/vectors_app.o
 .debug_line    0x0000003e       0x61 obj/startup_app.o
 .debug_line    0x0000009f      0x278 obj/main_app.o
 .debug_line    0x00000317      0x281 obj/System.o
 .debug_line    0x00000598      0x426 obj/ADCModule.o
 .debug_line    0x000009be      0x1c8 obj/ButtonModule.o
 .debug_line    0x00000b86      0x203 obj/DisplayModule.o
 .debug_line    0x00000d89      0x133 obj/HAL.o
 .debug_line    0x00000ebc      0x1ca obj/LEDModule.o
 .debug_line    0x00001086      0x211 obj/TimerModule.o
 .debug_line    0x00001297      0x2b7 obj/UARTModule.o
 .debug_line    0x0000154e       0x89 obj/FaultHandler.o
 .debug_line    0x000015d7      0x10f obj/Scheduler.o
 .debug_line    0x000016e6       0xb8 obj/SystemHandler.o
 .debug_line    0x0000179e      0x21b obj/LogOutput.o
 .debug_line    0x000019b9      0xced obj/printf.o
 .debug_line    0x000026a6     0x1bff obj/libstm32.a(stm32g4xx_hal_adc.o)
 .debug_line    0x000042a5     0x159d obj/libstm32.a(stm32g4xx_hal_adc_ex.o)
 .debug_line    0x00005842      0x586 obj/libstm32.a(stm32g4xx_hal.o)
 .debug_line    0x00005dc8      0x6d8 obj/libstm32.a(stm32g4xx_hal_cortex.o)
 .debug_line    0x000064a0      0x896 obj/libstm32.a(stm32g4xx_hal_dma.o)
 .debug_line    0x00006d36      0x56b obj/libstm32.a(stm32g4xx_hal_gpio.o)
 .debug_line    0x000072a1      0x731 obj/libstm32.a(stm32g4xx_hal_pwr_ex.o)
 .debug_line    0x000079d2      0xa40 obj/libstm32.a(stm32g4xx_hal_rcc.o)
 .debug_line    0x00008412      0xce5 obj/libstm32.a(stm32g4xx_hal_rcc_ex.o)
 .debug_line    0x000090f7     0x3912 obj/libstm32.a(stm32g4xx_hal_tim.o)
 .debug_line    0x0000ca09     0x1a78 obj/libstm32.a(stm32g4xx_hal_tim_ex.o)
 .debug_line    0x0000e481     0x1b88 obj/libstm32.a(stm32g4xx_hal_uart.o)
 .debug_line    0x00010009      0x654 obj/libstm32.a(stm32g4xx_hal_uart_ex.o)

.debug_info     0x00000000    0x16022
 .debug_info    0x00000000      0x639 obj/vectors_app.o
 .debug_info    0x00000639       0x35 obj/startup_app.o
 .debug_info    0x0000066e      0x58f obj/main_app.o
 .debug_info    0x00000bfd      0x585 obj/System.o
 .debug_info    0x00001182     0x1408 obj/ADCModule.o
 .debug_info    0x0000258a      0x534 obj/ButtonModule.o
 .debug_info    0x00002abe      0x5bb obj/DisplayModule.o
 .debug_info    0x00003079      0x2d6 obj/HAL.o
 .debug_info    0x0000334f      0x562 obj/LEDModule.o
 .debug_info    0x000038b1      0xeaf obj/TimerModule.o
 .debug_info    0x00004760      0xea0 obj/UARTModule.o
 .debug_info    0x00005600       0x67 obj/FaultHandler.o
 .debug_info    0x00005667      0x1b6 obj/Scheduler.o
 .debug_info    0x0000581d       0xcf obj/SystemHandler.o
 .debug_info    0x000058ec      0x229 obj/LogOutput.o
 .debug_info    0x00005b15      0xd4e obj/printf.o
 .debug_info    0x00006863     0x2021 obj/libstm32.a(stm32g4xx_hal_adc.o)
 .debug_info    0x00008884     0x1d63 obj/libstm32.a(stm32g4xx_hal_adc_ex.o)
 .debug_info    0x0000a5e7      0xb51 obj/libstm32.a(stm32g4xx_hal.o)
 .debug_info    0x0000b138      0xda9 obj/libstm32.a(stm32g4xx_hal_cortex.o)
 .debug_info    0x0000bee1      0x85b obj/libstm32.a(stm32g4xx_hal_dma.o)
 .debug_info    0x0000c73c      0x75f obj/libstm32.a(stm32g4xx_hal_gpio.o)
 .debug_info    0x0000ce9b      0x93b obj/libstm32.a(stm32g4xx_hal_pwr_ex.o)
 .debug_info    0x0000d7d6      0xbe0 obj/libstm32.a(stm32g4xx_hal_rcc.o)
 .debug_info    0x0000e3b6      0xc41 obj/libstm32.a(stm32g4xx_hal_rcc_ex.o)
 .debug_info    0x0000eff7     0x2a82 obj/libstm32.a(stm32g4xx_hal_tim.o)
 .debug_info    0x00011a79     0x1cb5 obj/libstm32.a(stm32g4xx_hal_tim_ex.o)
 .debug_info    0x0001372e     0x1b7d obj/libstm32.a(stm32g4xx_hal_uart.o)
 .debug_info    0x000152ab      0xd77 obj/libstm32.a(stm32g4xx_hal_uart_ex.o)

.debug_abbrev   0x00000000     0x357e
 .debug_abbrev  0x00000000       0x21 obj/vectors_app.o
 .debug_abbrev  0x00000021       0x21 obj/startup_app.o
 .debug_abbrev  0x00000042      0x1e9 obj/main_app.o
 .debug_abbrev  0x0000022b      0x1d1 obj/System.o
 .debug_abbrev  0x000003fc      0x28f obj/ADCModule.o
 .debug_abbrev  0x0000068b      0x1ac obj/ButtonModule.o
 .debug_abbrev  0x00000837      0x1c2 obj/DisplayModule.o
 .debug_abbrev  0x000009f9       0xd7 obj/HAL.o
 .debug_abbrev  0x00000ad0      0x1a9 obj/LEDModule.o
 .debug_abbrev  0x00000c79      0x1fd obj/TimerModule.o
 .debug_abbrev  0x00000e76      0x20a obj/UARTModule.o
 .debug_abbrev  0x00001080       0x2f obj/FaultHandler.o
 .debug_abbrev  0x000010af       0xc0 obj/Scheduler.o
 .debug_abbrev  0x0000116f       0x71 obj/SystemHandler.o
 .debug_abbrev  0x000011e0      0x13c obj/LogOutput.o
 .debug_abbrev  0x0000131c      0x24b obj/printf.o
 .debug_abbrev  0x00001567      0x2c8 obj/libstm32.a(stm32g4xx_hal_adc.o)
 .debug_abbrev  0x0000182f      0x2ec obj/libstm32.a(stm32g4xx_hal_adc_ex.o)
 .debug_abbrev  0x00001b1b      0x240 obj/libstm32.a(stm32g4xx_hal.o)
 .debug_abbrev  0x00001d5b      0x31a obj/libstm32.a(stm32g4xx_hal_cortex.o)
 .debug_abbrev  0x00002075      0x1e0 obj/libstm32.a(stm32g4xx_hal_dma.o)
 .debug_abbrev  0x00002255      0x1c9 obj/libstm32.a(stm32g4xx_hal_gpio.o)
 .debug_abbrev  0x0000241e      0x22a obj/libstm32.a(stm32g4xx_hal_pwr_ex.o)
 .debug_abbrev  0x00002648      0x2c7 obj/libstm32.a(stm32g4xx_hal_rcc.o)
 .debug_abbrev  0x0000290f      0x256 obj/libstm32.a(stm32g4xx_hal_rcc_ex.o)
 .debug_abbrev  0x00002b65      0x29e obj/libstm32.a(stm32g4xx_hal_tim.o)
 .debug_abbrev  0x00002e03      0x2be obj/libstm32.a(stm32g4xx_hal_tim_ex.o)
 .debug_abbrev  0x000030c1      0x289 obj/libstm32.a(stm32g4xx_hal_uart.o)
 .debug_abbrev  0x0000334a      0x234 obj/libstm32.a(stm32g4xx_hal_uart_ex.o)

.debug_aranges  0x00000000     0x1648
 .debug_aranges
                0x00000000       0x20 obj/vectors_app.o
 .debug_aranges
                0x00000020       0x20 obj/startup_app.o
 .debug_aranges
                0x00000040       0x28 obj/main_app.o
 .debug_aranges
                0x00000068       0x38 obj/System.o
 .debug_aranges
                0x000000a0       0x50 obj/ADCModule.o
 .debug_aranges
                0x000000f0       0x28 obj/ButtonModule.o
 .debug_aranges
                0x00000118       0x28 obj/DisplayModule.o
 .debug_aranges
                0x00000140       0x20 obj/HAL.o
 .debug_aranges
                0x00000160       0x30 obj/LEDModule.o
 .debug_aranges
                0x00000190       0x30 obj/TimerModule.o
 .debug_aranges
                0x000001c0       0x38 obj/UARTModule.o
 .debug_aranges
                0x000001f8       0x38 obj/FaultHandler.o
 .debug_aranges
                0x00000230       0x28 obj/Scheduler.o
 .debug_aranges
                0x00000258       0x40 obj/SystemHandler.o
 .debug_aranges
                0x00000298       0x30 obj/LogOutput.o
 .debug_aranges
                0x000002c8       0xb8 obj/printf.o
 .debug_aranges
                0x00000380      0x248 obj/libstm32.a(stm32g4xx_hal_adc.o)
 .debug_aranges
                0x000005c8      0x1c0 obj/libstm32.a(stm32g4xx_hal_adc_ex.o)
 .debug_aranges
                0x00000788      0x130 obj/libstm32.a(stm32g4xx_hal.o)
 .debug_aranges
                0x000008b8      0x118 obj/libstm32.a(stm32g4xx_hal_cortex.o)
 .debug_aranges
                0x000009d0       0x90 obj/libstm32.a(stm32g4xx_hal_dma.o)
 .debug_aranges
                0x00000a60       0x58 obj/libstm32.a(stm32g4xx_hal_gpio.o)
 .debug_aranges
                0x00000ab8      0x140 obj/libstm32.a(stm32g4xx_hal_pwr_ex.o)
 .debug_aranges
                0x00000bf8       0x98 obj/libstm32.a(stm32g4xx_hal_rcc.o)
 .debug_aranges
                0x00000c90       0xb0 obj/libstm32.a(stm32g4xx_hal_rcc_ex.o)
 .debug_aranges
                0x00000d40      0x3e0 obj/libstm32.a(stm32g4xx_hal_tim.o)
 .debug_aranges
                0x00001120      0x240 obj/libstm32.a(stm32g4xx_hal_tim_ex.o)
 .debug_aranges
                0x00001360      0x248 obj/libstm32.a(stm32g4xx_hal_uart.o)
 .debug_aranges
                0x000015a8       0xa0 obj/libstm32.a(stm32g4xx_hal_uart_ex.o)

.debug_str      0x00000000     0x72eb
 .debug_str     0x00000000     0x72eb obj/vectors_app.o
                                0x8ea (size before relaxing)
 .debug_str     0x000072eb       0x63 obj/startup_app.o
 .debug_str     0x000072eb      0x559 obj/main_app.o
 .debug_str     0x000072eb      0x504 obj/System.o
 .debug_str     0x000072eb     0x13ee obj/ADCModule.o
 .debug_str     0x000072eb      0x45c obj/ButtonModule.o
 .debug_str     0x000072eb      0x48d obj/DisplayModule.o
 .debug_str     0x000072eb      0x2f4 obj/HAL.o
 .debug_str     0x000072eb      0x43c obj/LEDModule.o
 .debug_str     0x000072eb     0x10fd obj/TimerModule.o
 .debug_str     0x000072eb      0xbdc obj/UARTModule.o
 .debug_str     0x000072eb      0x11a obj/FaultHandler.o
 .debug_str     0x000072eb      0x258 obj/Scheduler.o
 .debug_str     0x000072eb      0x1b7 obj/SystemHandler.o
 .debug_str     0x000072eb      0x229 obj/LogOutput.o
 .debug_str     0x000072eb      0x36e obj/printf.o
 .debug_str     0x000072eb     0x12c5 obj/libstm32.a(stm32g4xx_hal_adc.o)
 .debug_str     0x000072eb     0x12a5 obj/libstm32.a(stm32g4xx_hal_adc_ex.o)
 .debug_str     0x000072eb      0xdd8 obj/libstm32.a(stm32g4xx_hal.o)
 .debug_str     0x000072eb      0xd1d obj/libstm32.a(stm32g4xx_hal_cortex.o)
 .debug_str     0x000072eb      0x761 obj/libstm32.a(stm32g4xx_hal_dma.o)
 .debug_str     0x000072eb      0x500 obj/libstm32.a(stm32g4xx_hal_gpio.o)
 .debug_str     0x000072eb      0x7a2 obj/libstm32.a(stm32g4xx_hal_pwr_ex.o)
 .debug_str     0x000072eb      0x803 obj/libstm32.a(stm32g4xx_hal_rcc.o)
 .debug_str     0x000072eb      0xa25 obj/libstm32.a(stm32g4xx_hal_rcc_ex.o)
 .debug_str     0x000072eb     0x184e obj/libstm32.a(stm32g4xx_hal_tim.o)
 .debug_str     0x000072eb     0x14d8 obj/libstm32.a(stm32g4xx_hal_tim_ex.o)
 .debug_str     0x000072eb     0x118d obj/libstm32.a(stm32g4xx_hal_uart.o)
 .debug_str     0x000072eb      0xab8 obj/libstm32.a(stm32g4xx_hal_uart_ex.o)

.debug_rnglists
                0x00000000     0x10fd
 .debug_rnglists
                0x00000000       0x1a obj/main_app.o
 .debug_rnglists
                0x0000001a       0x27 obj/System.o
 .debug_rnglists
                0x00000041       0x39 obj/ADCModule.o
 .debug_rnglists
                0x0000007a       0x1b obj/ButtonModule.o
 .debug_rnglists
                0x00000095       0x1b obj/DisplayModule.o
 .debug_rnglists
                0x000000b0       0x13 obj/HAL.o
 .debug_rnglists
                0x000000c3       0x21 obj/LEDModule.o
 .debug_rnglists
                0x000000e4       0x20 obj/TimerModule.o
 .debug_rnglists
                0x00000104       0x26 obj/UARTModule.o
 .debug_rnglists
                0x0000012a       0x25 obj/FaultHandler.o
 .debug_rnglists
                0x0000014f       0x19 obj/Scheduler.o
 .debug_rnglists
                0x00000168       0x2b obj/SystemHandler.o
 .debug_rnglists
                0x00000193       0x1f obj/LogOutput.o
 .debug_rnglists
                0x000001b2       0x8c obj/printf.o
 .debug_rnglists
                0x0000023e      0x1c0 obj/libstm32.a(stm32g4xx_hal_adc.o)
 .debug_rnglists
                0x000003fe      0x15a obj/libstm32.a(stm32g4xx_hal_adc_ex.o)
 .debug_rnglists
                0x00000558       0xdf obj/libstm32.a(stm32g4xx_hal.o)
 .debug_rnglists
                0x00000637       0xce obj/libstm32.a(stm32g4xx_hal_cortex.o)
 .debug_rnglists
                0x00000705       0x71 obj/libstm32.a(stm32g4xx_hal_dma.o)
 .debug_rnglists
                0x00000776       0x3f obj/libstm32.a(stm32g4xx_hal_gpio.o)
 .debug_rnglists
                0x000007b5       0xf1 obj/libstm32.a(stm32g4xx_hal_pwr_ex.o)
 .debug_rnglists
                0x000008a6       0x73 obj/libstm32.a(stm32g4xx_hal_rcc.o)
 .debug_rnglists
                0x00000919       0x87 obj/libstm32.a(stm32g4xx_hal_rcc_ex.o)
 .debug_rnglists
                0x000009a0      0x328 obj/libstm32.a(stm32g4xx_hal_tim.o)
 .debug_rnglists
                0x00000cc8      0x1cb obj/libstm32.a(stm32g4xx_hal_tim_ex.o)
 .debug_rnglists
                0x00000e93      0x1f1 obj/libstm32.a(stm32g4xx_hal_uart.o)
 .debug_rnglists
                0x00001084       0x79 obj/libstm32.a(stm32g4xx_hal_uart_ex.o)

.debug_frame    0x00000000     0x5fbc
 .debug_frame   0x00000000       0x4c obj/main_app.o
 .debug_frame   0x0000004c       0x94 obj/System.o
 .debug_frame   0x000000e0      0x104 obj/ADCModule.o
 .debug_frame   0x000001e4       0x58 obj/ButtonModule.o
 .debug_frame   0x0000023c       0x58 obj/DisplayModule.o
 .debug_frame   0x00000294       0x34 obj/HAL.o
 .debug_frame   0x000002c8       0x7c obj/LEDModule.o
 .debug_frame   0x00000344       0x74 obj/TimerModule.o
 .debug_frame   0x000003b8       0xa8 obj/UARTModule.o
 .debug_frame   0x00000460       0x70 obj/FaultHandler.o
 .debug_frame   0x000004d0       0x60 obj/Scheduler.o
 .debug_frame   0x00000530       0xac obj/SystemHandler.o
 .debug_frame   0x000005dc       0x94 obj/LogOutput.o
 .debug_frame   0x00000670      0x380 obj/printf.o
 .debug_frame   0x000009f0       0x20 /home/kali/Tools/arm-gnu-toolchain/bin/../lib/gcc/arm-none-eabi/14.3.1/../../../../arm-none-eabi/lib/thumb/v7e-m/nofp/libc_nano.a(libc_a-memset.o)
 .debug_frame   0x00000a10       0xac /home/kali/Tools/arm-gnu-toolchain/bin/../lib/gcc/arm-none-eabi/14.3.1/thumb/v7e-m/nofp/libgcc.a(_arm_addsubdf3.o)
 .debug_frame   0x00000abc       0x50 /home/kali/Tools/arm-gnu-toolchain/bin/../lib/gcc/arm-none-eabi/14.3.1/thumb/v7e-m/nofp/libgcc.a(_arm_muldivdf3.o)
 .debug_frame   0x00000b0c       0xc4 /home/kali/Tools/arm-gnu-toolchain/bin/../lib/gcc/arm-none-eabi/14.3.1/thumb/v7e-m/nofp/libgcc.a(_arm_cmpdf2.o)
 .debug_frame   0x00000bd0       0x24 /home/kali/Tools/arm-gnu-toolchain/bin/../lib/gcc/arm-none-eabi/14.3.1/thumb/v7e-m/nofp/libgcc.a(_arm_fixdfsi.o)
 .debug_frame   0x00000bf4       0x24 /home/kali/Tools/arm-gnu-toolchain/bin/../lib/gcc/arm-none-eabi/14.3.1/thumb/v7e-m/nofp/libgcc.a(_arm_fixunsdfsi.o)
 .debug_frame   0x00000c18       0x2c /home/kali/Tools/arm-gnu-toolchain/bin/../lib/gcc/arm-none-eabi/14.3.1/thumb/v7e-m/nofp/libgcc.a(_aeabi_uldivmod.o)
 .debug_frame   0x00000c44       0x34 /home/kali/Tools/arm-gnu-toolchain/bin/../lib/gcc/arm-none-eabi/14.3.1/thumb/v7e-m/nofp/libgcc.a(_udivmoddi4.o)
 .debug_frame   0x00000c78      0xacc obj/libstm32.a(stm32g4xx_hal_adc.o)
 .debug_frame   0x00001744      0x81c obj/libstm32.a(stm32g4xx_hal_adc_ex.o)
 .debug_frame   0x00001f60      0x4a0 obj/libstm32.a(stm32g4xx_hal.o)
 .debug_frame   0x00002400      0x498 obj/libstm32.a(stm32g4xx_hal_cortex.o)
 .debug_frame   0x00002898      0x24c obj/libstm32.a(stm32g4xx_hal_dma.o)
 .debug_frame   0x00002ae4      0x14c obj/libstm32.a(stm32g4xx_hal_gpio.o)
 .debug_frame   0x00002c30      0x4fc obj/libstm32.a(stm32g4xx_hal_pwr_ex.o)
 .debug_frame   0x0000312c      0x23c obj/libstm32.a(stm32g4xx_hal_rcc.o)
 .debug_frame   0x00003368      0x2ac obj/libstm32.a(stm32g4xx_hal_rcc_ex.o)
 .debug_frame   0x00003614     0x1220 obj/libstm32.a(stm32g4xx_hal_tim.o)
 .debug_frame   0x00004834      0xa68 obj/libstm32.a(stm32g4xx_hal_tim_ex.o)
 .debug_frame   0x0000529c      0xa84 obj/libstm32.a(stm32g4xx_hal_uart.o)
 .debug_frame   0x00005d20      0x29c obj/libstm32.a(stm32g4xx_hal_uart_ex.o)

.debug_line_str
                0x00000000       0xd8
 .debug_line_str
                0x00000000       0xd8 /home/kali/Tools/arm-gnu-toolchain/bin/../lib/gcc/arm-none-eabi/14.3.1/thumb/v7e-m/nofp/libgcc.a(_arm_addsubdf3.o)
                                 0xc4 (size before relaxing)
 .debug_line_str
                0x000000d8       0xc4 /home/kali/Tools/arm-gnu-toolchain/bin/../lib/gcc/arm-none-eabi/14.3.1/thumb/v7e-m/nofp/libgcc.a(_arm_muldivdf3.o)
 .debug_line_str
                0x000000d8       0xc4 /home/kali/Tools/arm-gnu-toolchain/bin/../lib/gcc/arm-none-eabi/14.3.1/thumb/v7e-m/nofp/libgcc.a(_arm_cmpdf2.o)
 .debug_line_str
                0x000000d8       0xc4 /home/kali/Tools/arm-gnu-toolchain/bin/../lib/gcc/arm-none-eabi/14.3.1/thumb/v7e-m/nofp/libgcc.a(_arm_fixdfsi.o)
 .debug_line_str
                0x000000d8       0xc4 /home/kali/Tools/arm-gnu-toolchain/bin/../lib/gcc/arm-none-eabi/14.3.1/thumb/v7e-m/nofp/libgcc.a(_arm_fixunsdfsi.o)
 .debug_line_str
                0x000000d8       0xbf /home/kali/Tools/arm-gnu-toolchain/bin/../lib/gcc/arm-none-eabi/14.3.1/thumb/v7e-m/nofp/libgcc.a(_aeabi_uldivmod.o)
 .debug_line_str
                0x000000d8       0xc3 /home/kali/Tools/arm-gnu-toolchain/bin/../lib/gcc/arm-none-eabi/14.3.1/thumb/v7e-m/nofp/libgcc.a(_dvmd_tls.o)
